[0.452s] DEBUG:colcon:Command line arguments: ['/usr/bin/colcon', 'build', '--packages-select', 'labrob_desc', '--symlink-install']
[0.452s] DEBUG:colcon:Parsed command line arguments: Namespace(log_base=None, log_level=None, verb_name='build', build_base='build', install_base='install', merge_install=False, symlink_install=True, test_result_base=None, continue_on_error=False, executor='parallel', parallel_workers=8, event_handlers=None, ignore_user_meta=False, metas=['./colcon.meta'], base_paths=['.'], packages_ignore=None, packages_ignore_regex=None, paths=None, packages_up_to=None, packages_up_to_regex=None, packages_above=None, packages_above_and_dependencies=None, packages_above_depth=None, packages_select_by_dep=None, packages_skip_by_dep=None, packages_skip_up_to=None, packages_select_build_failed=False, packages_skip_build_finished=False, packages_select_test_failures=False, packages_skip_test_passed=False, packages_select=['labrob_desc'], packages_skip=None, packages_select_regex=None, packages_skip_regex=None, packages_start=None, packages_end=None, allow_overriding=[], cmake_args=None, cmake_target=None, cmake_target_skip_unavailable=False, cmake_clean_cache=False, cmake_clean_first=False, cmake_force_configure=False, ament_cmake_args=None, catkin_cmake_args=None, catkin_skip_building_tests=False, mixin_files=None, mixin=None, verb_parser=<colcon_mixin.mixin.mixin_argument.MixinArgumentDecorator object at 0x7d1b9878ef30>, verb_extension=<colcon_core.verb.build.BuildVerb object at 0x7d1b9878d0a0>, main=<bound method BuildVerb.main of <colcon_core.verb.build.BuildVerb object at 0x7d1b9878d0a0>>, mixin_verb=('build',))
[0.544s] Level 1:colcon.colcon_core.package_discovery:discover_packages(colcon_meta) check parameters
[0.544s] Level 1:colcon.colcon_core.package_discovery:discover_packages(recursive) check parameters
[0.544s] Level 1:colcon.colcon_core.package_discovery:discover_packages(ignore) check parameters
[0.544s] Level 1:colcon.colcon_core.package_discovery:discover_packages(path) check parameters
[0.544s] Level 1:colcon.colcon_core.package_discovery:discover_packages(colcon_meta) discover
[0.544s] Level 1:colcon.colcon_core.package_discovery:discover_packages(recursive) discover
[0.544s] INFO:colcon.colcon_core.package_discovery:Crawling recursively for packages in '/home/kaansnowman/ros2_ws/src/labrob'
[0.544s] Level 1:colcon.colcon_core.package_identification:_identify(.) by extensions ['ignore', 'ignore_ament_install']
[0.544s] Level 1:colcon.colcon_core.package_identification:_identify(.) by extension 'ignore'
[0.544s] Level 1:colcon.colcon_core.package_identification:_identify(.) by extension 'ignore_ament_install'
[0.544s] Level 1:colcon.colcon_core.package_identification:_identify(.) by extensions ['colcon_pkg']
[0.544s] Level 1:colcon.colcon_core.package_identification:_identify(.) by extension 'colcon_pkg'
[0.544s] Level 1:colcon.colcon_core.package_identification:_identify(.) by extensions ['colcon_meta']
[0.544s] Level 1:colcon.colcon_core.package_identification:_identify(.) by extension 'colcon_meta'
[0.545s] Level 1:colcon.colcon_core.package_identification:_identify(.) by extensions ['ros']
[0.545s] Level 1:colcon.colcon_core.package_identification:_identify(.) by extension 'ros'
[0.586s] Level 1:colcon.colcon_core.package_identification:_identify(.) by extensions ['cmake', 'python']
[0.586s] Level 1:colcon.colcon_core.package_identification:_identify(.) by extension 'cmake'
[0.586s] Level 1:colcon.colcon_core.package_identification:_identify(.) by extension 'python'
[0.586s] Level 1:colcon.colcon_core.package_identification:_identify(.) by extensions ['python_setup_py']
[0.586s] Level 1:colcon.colcon_core.package_identification:_identify(.) by extension 'python_setup_py'
[0.586s] Level 1:colcon.colcon_core.package_identification:_identify(build) by extensions ['ignore', 'ignore_ament_install']
[0.586s] Level 1:colcon.colcon_core.package_identification:_identify(build) by extension 'ignore'
[0.586s] Level 1:colcon.colcon_core.package_identification:_identify(build) ignored
[0.587s] Level 1:colcon.colcon_core.package_identification:_identify(install) by extensions ['ignore', 'ignore_ament_install']
[0.587s] Level 1:colcon.colcon_core.package_identification:_identify(install) by extension 'ignore'
[0.587s] Level 1:colcon.colcon_core.package_identification:_identify(install) ignored
[0.587s] Level 1:colcon.colcon_core.package_identification:_identify(labrob_desc) by extensions ['ignore', 'ignore_ament_install']
[0.587s] Level 1:colcon.colcon_core.package_identification:_identify(labrob_desc) by extension 'ignore'
[0.587s] Level 1:colcon.colcon_core.package_identification:_identify(labrob_desc) by extension 'ignore_ament_install'
[0.587s] Level 1:colcon.colcon_core.package_identification:_identify(labrob_desc) by extensions ['colcon_pkg']
[0.587s] Level 1:colcon.colcon_core.package_identification:_identify(labrob_desc) by extension 'colcon_pkg'
[0.587s] Level 1:colcon.colcon_core.package_identification:_identify(labrob_desc) by extensions ['colcon_meta']
[0.587s] Level 1:colcon.colcon_core.package_identification:_identify(labrob_desc) by extension 'colcon_meta'
[0.587s] Level 1:colcon.colcon_core.package_identification:_identify(labrob_desc) by extensions ['ros']
[0.587s] Level 1:colcon.colcon_core.package_identification:_identify(labrob_desc) by extension 'ros'
[0.592s] DEBUG:colcon.colcon_core.package_identification:Package 'labrob_desc' with type 'ros.ament_cmake' and name 'labrob_desc'
[0.592s] Level 1:colcon.colcon_core.package_identification:_identify(log) by extensions ['ignore', 'ignore_ament_install']
[0.592s] Level 1:colcon.colcon_core.package_identification:_identify(log) by extension 'ignore'
[0.592s] Level 1:colcon.colcon_core.package_identification:_identify(log) ignored
[0.592s] Level 1:colcon.colcon_core.package_discovery:discover_packages(recursive) using defaults
[0.592s] Level 1:colcon.colcon_core.package_discovery:discover_packages(ignore) discover
[0.592s] Level 1:colcon.colcon_core.package_discovery:discover_packages(ignore) using defaults
[0.592s] Level 1:colcon.colcon_core.package_discovery:discover_packages(path) discover
[0.592s] Level 1:colcon.colcon_core.package_discovery:discover_packages(path) using defaults
[0.629s] Level 1:colcon.colcon_core.package_discovery:discover_packages(prefix_path) check parameters
[0.629s] Level 1:colcon.colcon_core.package_discovery:discover_packages(prefix_path) discover
[0.636s] DEBUG:colcon.colcon_installed_package_information.package_discovery:Found 6 installed packages in /home/kaansnowman/ros2_ws/install
[0.640s] DEBUG:colcon.colcon_installed_package_information.package_discovery:Found 434 installed packages in /opt/ros/jazzy
[0.642s] Level 1:colcon.colcon_core.package_discovery:discover_packages(prefix_path) using defaults
[0.803s] Level 5:colcon.colcon_core.verb:set package 'labrob_desc' build argument 'cmake_args' from command line to 'None'
[0.803s] Level 5:colcon.colcon_core.verb:set package 'labrob_desc' build argument 'cmake_target' from command line to 'None'
[0.803s] Level 5:colcon.colcon_core.verb:set package 'labrob_desc' build argument 'cmake_target_skip_unavailable' from command line to 'False'
[0.804s] Level 5:colcon.colcon_core.verb:set package 'labrob_desc' build argument 'cmake_clean_cache' from command line to 'False'
[0.804s] Level 5:colcon.colcon_core.verb:set package 'labrob_desc' build argument 'cmake_clean_first' from command line to 'False'
[0.804s] Level 5:colcon.colcon_core.verb:set package 'labrob_desc' build argument 'cmake_force_configure' from command line to 'False'
[0.804s] Level 5:colcon.colcon_core.verb:set package 'labrob_desc' build argument 'ament_cmake_args' from command line to 'None'
[0.804s] Level 5:colcon.colcon_core.verb:set package 'labrob_desc' build argument 'catkin_cmake_args' from command line to 'None'
[0.804s] Level 5:colcon.colcon_core.verb:set package 'labrob_desc' build argument 'catkin_skip_building_tests' from command line to 'False'
[0.804s] DEBUG:colcon.colcon_core.verb:Building package 'labrob_desc' with the following arguments: {'ament_cmake_args': None, 'build_base': '/home/kaansnowman/ros2_ws/src/labrob/build/labrob_desc', 'catkin_cmake_args': None, 'catkin_skip_building_tests': False, 'cmake_args': None, 'cmake_clean_cache': False, 'cmake_clean_first': False, 'cmake_force_configure': False, 'cmake_target': None, 'cmake_target_skip_unavailable': False, 'install_base': '/home/kaansnowman/ros2_ws/src/labrob/install/labrob_desc', 'merge_install': False, 'path': '/home/kaansnowman/ros2_ws/src/labrob/labrob_desc', 'symlink_install': True, 'test_result_base': None}
[0.804s] INFO:colcon.colcon_core.executor:Executing jobs using 'parallel' executor
[0.805s] DEBUG:colcon.colcon_parallel_executor.executor.parallel:run_until_complete
[0.805s] INFO:colcon.colcon_ros.task.ament_cmake.build:Building ROS package in '/home/kaansnowman/ros2_ws/src/labrob/labrob_desc' with build type 'ament_cmake'
[0.805s] INFO:colcon.colcon_cmake.task.cmake.build:Building CMake package in '/home/kaansnowman/ros2_ws/src/labrob/labrob_desc'
[0.812s] INFO:colcon.colcon_core.plugin_system:Skipping extension 'colcon_core.shell.bat': Not used on non-Windows systems
[0.812s] INFO:colcon.colcon_core.shell:Skip shell extension 'powershell' for command environment: Not usable outside of PowerShell
[0.812s] DEBUG:colcon.colcon_core.shell:Skip shell extension 'dsv' for command environment
[0.826s] DEBUG:colcon.colcon_core.event_handler.log_command:Invoking command in '/home/kaansnowman/ros2_ws/src/labrob/build/labrob_desc': CMAKE_PREFIX_PATH=${CMAKE_PREFIX_PATH}:/home/kaansnowman/ros2_ws/install/ros2_fundamentals_example:/home/kaansnowman/ros2_ws/install/cobot_ros2:/home/kaansnowman/ros2_ws/install/cobot_description:/opt/ros/jazzy /usr/bin/cmake /home/kaansnowman/ros2_ws/src/labrob/labrob_desc -DAMENT_CMAKE_SYMLINK_INSTALL=1 -DCMAKE_INSTALL_PREFIX=/home/kaansnowman/ros2_ws/src/labrob/install/labrob_desc
[4.773s] DEBUG:colcon.colcon_core.event_handler.log_command:Invoked command in '/home/kaansnowman/ros2_ws/src/labrob/build/labrob_desc' returned '1': CMAKE_PREFIX_PATH=${CMAKE_PREFIX_PATH}:/home/kaansnowman/ros2_ws/install/ros2_fundamentals_example:/home/kaansnowman/ros2_ws/install/cobot_ros2:/home/kaansnowman/ros2_ws/install/cobot_description:/opt/ros/jazzy /usr/bin/cmake /home/kaansnowman/ros2_ws/src/labrob/labrob_desc -DAMENT_CMAKE_SYMLINK_INSTALL=1 -DCMAKE_INSTALL_PREFIX=/home/kaansnowman/ros2_ws/src/labrob/install/labrob_desc
[4.788s] Level 1:colcon.colcon_core.environment:create_environment_scripts_only(labrob_desc)
[4.799s] Level 1:colcon.colcon_core.environment:checking '/home/kaansnowman/ros2_ws/src/labrob/install/labrob_desc' for CMake module files
[4.800s] Level 1:colcon.colcon_core.environment:checking '/home/kaansnowman/ros2_ws/src/labrob/install/labrob_desc' for CMake config files
[4.800s] Level 1:colcon.colcon_core.environment:checking '/home/kaansnowman/ros2_ws/src/labrob/install/labrob_desc/bin'
[4.800s] Level 1:colcon.colcon_core.environment:checking '/home/kaansnowman/ros2_ws/src/labrob/install/labrob_desc/lib/pkgconfig/labrob_desc.pc'
[4.801s] Level 1:colcon.colcon_core.environment:checking '/home/kaansnowman/ros2_ws/src/labrob/install/labrob_desc/lib/python3.12/site-packages'
[4.801s] Level 1:colcon.colcon_core.environment:checking '/home/kaansnowman/ros2_ws/src/labrob/install/labrob_desc/bin'
[4.801s] INFO:colcon.colcon_core.shell:Creating package script '/home/kaansnowman/ros2_ws/src/labrob/install/labrob_desc/share/labrob_desc/package.ps1'
[4.803s] INFO:colcon.colcon_core.shell:Creating package descriptor '/home/kaansnowman/ros2_ws/src/labrob/install/labrob_desc/share/labrob_desc/package.dsv'
[4.804s] INFO:colcon.colcon_core.shell:Creating package script '/home/kaansnowman/ros2_ws/src/labrob/install/labrob_desc/share/labrob_desc/package.sh'
[4.805s] INFO:colcon.colcon_core.shell:Creating package script '/home/kaansnowman/ros2_ws/src/labrob/install/labrob_desc/share/labrob_desc/package.bash'
[4.806s] INFO:colcon.colcon_core.shell:Creating package script '/home/kaansnowman/ros2_ws/src/labrob/install/labrob_desc/share/labrob_desc/package.zsh'
[4.807s] Level 1:colcon.colcon_core.environment:create_file_with_runtime_dependencies(/home/kaansnowman/ros2_ws/src/labrob/install/labrob_desc/share/colcon-core/packages/labrob_desc)
[4.818s] DEBUG:colcon.colcon_parallel_executor.executor.parallel:closing loop
[4.818s] DEBUG:colcon.colcon_parallel_executor.executor.parallel:loop closed
[4.819s] DEBUG:colcon.colcon_parallel_executor.executor.parallel:run_until_complete finished with '1'
[4.819s] DEBUG:colcon.colcon_core.event_reactor:joining thread
[4.904s] INFO:colcon.colcon_core.plugin_system:Skipping extension 'colcon_notification.desktop_notification.notify_send': Could not find 'notify-send'
[4.904s] INFO:colcon.colcon_core.plugin_system:Skipping extension 'colcon_notification.desktop_notification.terminal_notifier': Not used on non-Darwin systems
[4.904s] INFO:colcon.colcon_core.plugin_system:Skipping extension 'colcon_notification.desktop_notification.win32': Not used on non-Windows systems
[4.904s] INFO:colcon.colcon_notification.desktop_notification:Sending desktop notification using 'notify2'
[4.906s] DEBUG:colcon.colcon_notification.desktop_notification.notify2:Failed to initialize notify2: org.freedesktop.DBus.Error.ServiceUnknown: The name org.freedesktop.Notifications was not provided by any .service files
[4.906s] DEBUG:colcon.colcon_core.event_reactor:joined thread
[4.906s] INFO:colcon.colcon_core.shell:Creating prefix script '/home/kaansnowman/ros2_ws/src/labrob/install/local_setup.ps1'
[4.908s] INFO:colcon.colcon_core.shell:Creating prefix util module '/home/kaansnowman/ros2_ws/src/labrob/install/_local_setup_util_ps1.py'
[4.910s] INFO:colcon.colcon_core.shell:Creating prefix chain script '/home/kaansnowman/ros2_ws/src/labrob/install/setup.ps1'
[4.911s] INFO:colcon.colcon_core.shell:Creating prefix script '/home/kaansnowman/ros2_ws/src/labrob/install/local_setup.sh'
[4.912s] INFO:colcon.colcon_core.shell:Creating prefix util module '/home/kaansnowman/ros2_ws/src/labrob/install/_local_setup_util_sh.py'
[4.913s] INFO:colcon.colcon_core.shell:Creating prefix chain script '/home/kaansnowman/ros2_ws/src/labrob/install/setup.sh'
[4.914s] INFO:colcon.colcon_core.shell:Creating prefix script '/home/kaansnowman/ros2_ws/src/labrob/install/local_setup.bash'
[4.915s] INFO:colcon.colcon_core.shell:Creating prefix chain script '/home/kaansnowman/ros2_ws/src/labrob/install/setup.bash'
[4.917s] INFO:colcon.colcon_core.shell:Creating prefix script '/home/kaansnowman/ros2_ws/src/labrob/install/local_setup.zsh'
[4.918s] INFO:colcon.colcon_core.shell:Creating prefix chain script '/home/kaansnowman/ros2_ws/src/labrob/install/setup.zsh'
