[0.021s] Invoking command in '/home/kaansnowman/ros2_ws/src/labrob/build/labrob_desc': CMAKE_PREFIX_PATH=${CMAKE_PREFIX_PATH}:/home/kaansnowman/ros2_ws/install/ros2_fundamentals_example:/home/kaansnowman/ros2_ws/install/cobot_ros2:/home/kaansnowman/ros2_ws/install/cobot_description:/opt/ros/jazzy /usr/bin/cmake /home/kaansnowman/ros2_ws/src/labrob/labrob_desc -DAMENT_CMAKE_SYMLINK_INSTALL=1 -DCMAKE_INSTALL_PREFIX=/home/kaansnowman/ros2_ws/src/labrob/install/labrob_desc
[0.446s] -- The C compiler identification is GNU 13.3.0
[1.600s] -- The CXX compiler identification is GNU 13.3.0
[2.537s] -- Detecting C compiler ABI info
[2.954s] -- Detecting C compiler ABI info - done
[2.964s] -- Check for working C compiler: /usr/bin/cc - skipped
[2.966s] -- Detecting C compile features
[2.967s] -- Detecting C compile features - done
[3.117s] -- Detecting CXX compiler ABI info
[3.503s] -- Detecting CXX compiler ABI info - done
[3.513s] -- Check for working CXX compiler: /usr/bin/c++ - skipped
[3.513s] -- Detecting CXX compile features
[3.514s] -- Detecting CXX compile features - done
[3.556s] -- Found ament_cmake: 2.5.5 (/opt/ros/jazzy/share/ament_cmake/cmake)
[3.756s] -- Found Python3: /usr/bin/python3 (found version "3.12.3") found components: Interpreter 
[3.855s] -- Override CMake install command with custom implementation using symlinks instead of copying resources
[3.961s] [31mCMake Error at CMakeLists.txt:16 (nstall):
[3.962s]   Unknown CMake command "nstall".
[3.962s] 
[3.962s] [0m
[3.962s] -- Configuring incomplete, errors occurred!
[3.967s] Invoked command in '/home/kaansnowman/ros2_ws/src/labrob/build/labrob_desc' returned '1': CMAKE_PREFIX_PATH=${CMAKE_PREFIX_PATH}:/home/kaansnowman/ros2_ws/install/ros2_fundamentals_example:/home/kaansnowman/ros2_ws/install/cobot_ros2:/home/kaansnowman/ros2_ws/install/cobot_description:/opt/ros/jazzy /usr/bin/cmake /home/kaansnowman/ros2_ws/src/labrob/labrob_desc -DAMENT_CMAKE_SYMLINK_INSTALL=1 -DCMAKE_INSTALL_PREFIX=/home/kaansnowman/ros2_ws/src/labrob/install/labrob_desc
