[0.014s] Invoking command in '/home/kaansnowman/ros2_ws/src/labrob/build/labrob_desc': CMAKE_PREFIX_PATH=${CMAKE_PREFIX_PATH}:/home/kaansnowman/ros2_ws/install/ros2_fundamentals_example:/home/kaansnowman/ros2_ws/install/cobot_ros2:/home/kaansnowman/ros2_ws/install/cobot_description:/opt/ros/jazzy /usr/bin/cmake /home/kaansnowman/ros2_ws/src/labrob/labrob_desc -DAMENT_CMAKE_SYMLINK_INSTALL=1 -DCMAKE_INSTALL_PREFIX=/home/kaansnowman/ros2_ws/src/labrob/install/labrob_desc
[0.030s] -- Found ament_cmake: 2.5.5 (/opt/ros/jazzy/share/ament_cmake/cmake)
[0.255s] -- Override CMake install command with custom implementation using symlinks instead of copying resources
[0.270s] -- Found ament_lint_auto: 0.17.4 (/opt/ros/jazzy/share/ament_lint_auto/cmake)
[0.428s] -- Added test 'lint_cmake' to check CMake code style
[0.433s] -- Added test 'xmllint' to check XML markup files
[0.436s] -- Configuring done (0.4s)
[0.442s] -- Generating done (0.0s)
[0.444s] -- Build files have been written to: /home/kaansnowman/ros2_ws/src/labrob/build/labrob_desc
[0.449s] Invoked command in '/home/kaansnowman/ros2_ws/src/labrob/build/labrob_desc' returned '0': CMAKE_PREFIX_PATH=${CMAKE_PREFIX_PATH}:/home/kaansnowman/ros2_ws/install/ros2_fundamentals_example:/home/kaansnowman/ros2_ws/install/cobot_ros2:/home/kaansnowman/ros2_ws/install/cobot_description:/opt/ros/jazzy /usr/bin/cmake /home/kaansnowman/ros2_ws/src/labrob/labrob_desc -DAMENT_CMAKE_SYMLINK_INSTALL=1 -DCMAKE_INSTALL_PREFIX=/home/kaansnowman/ros2_ws/src/labrob/install/labrob_desc
[0.451s] Invoking command in '/home/kaansnowman/ros2_ws/src/labrob/build/labrob_desc': CMAKE_PREFIX_PATH=${CMAKE_PREFIX_PATH}:/home/kaansnowman/ros2_ws/install/ros2_fundamentals_example:/home/kaansnowman/ros2_ws/install/cobot_ros2:/home/kaansnowman/ros2_ws/install/cobot_description:/opt/ros/jazzy /usr/bin/cmake --build /home/kaansnowman/ros2_ws/src/labrob/build/labrob_desc -- -j8 -l8
[0.502s] Invoked command in '/home/kaansnowman/ros2_ws/src/labrob/build/labrob_desc' returned '0': CMAKE_PREFIX_PATH=${CMAKE_PREFIX_PATH}:/home/kaansnowman/ros2_ws/install/ros2_fundamentals_example:/home/kaansnowman/ros2_ws/install/cobot_ros2:/home/kaansnowman/ros2_ws/install/cobot_description:/opt/ros/jazzy /usr/bin/cmake --build /home/kaansnowman/ros2_ws/src/labrob/build/labrob_desc -- -j8 -l8
[0.515s] Invoking command in '/home/kaansnowman/ros2_ws/src/labrob/build/labrob_desc': CMAKE_PREFIX_PATH=${CMAKE_PREFIX_PATH}:/home/kaansnowman/ros2_ws/install/ros2_fundamentals_example:/home/kaansnowman/ros2_ws/install/cobot_ros2:/home/kaansnowman/ros2_ws/install/cobot_description:/opt/ros/jazzy /usr/bin/cmake --install /home/kaansnowman/ros2_ws/src/labrob/build/labrob_desc
[0.525s] -- Install configuration: ""
[0.526s] -- Execute custom install script
[0.526s] [31mCMake Error at ament_cmake_symlink_install/ament_cmake_symlink_install.cmake:105 (message):
[0.526s]   ament_cmake_symlink_install_directory() can't find
[0.526s]   '/home/kaansnowman/ros2_ws/src/labrob/labrob_desc/launch'
[0.526s] Call Stack (most recent call first):
[0.527s]   ament_cmake_symlink_install/ament_cmake_symlink_install.cmake:319 (ament_cmake_symlink_install_directory)
[0.527s]   cmake_install.cmake:46 (include)
[0.527s] 
[0.527s] [0m
[0.528s] Invoked command in '/home/kaansnowman/ros2_ws/src/labrob/build/labrob_desc' returned '1': CMAKE_PREFIX_PATH=${CMAKE_PREFIX_PATH}:/home/kaansnowman/ros2_ws/install/ros2_fundamentals_example:/home/kaansnowman/ros2_ws/install/cobot_ros2:/home/kaansnowman/ros2_ws/install/cobot_description:/opt/ros/jazzy /usr/bin/cmake --install /home/kaansnowman/ros2_ws/src/labrob/build/labrob_desc
